[debug] [2026-08-13T13:46:37.322Z] ----------------------------------------------------------------------
[debug] [2026-08-13T13:46:37.326Z] Command:       C:\Program Files\nodejs\node.exe C:\Users\ACHU\AppData\Roaming\npm\node_modules\firebase-tools\lib\bin\firebase.js deploy
[debug] [2026-08-13T13:46:37.326Z] CLI Version:   15.26.0
[debug] [2026-08-13T13:46:37.326Z] Platform:      win32
[debug] [2026-08-13T13:46:37.326Z] Node Version:  v24.18.0
[debug] [2026-08-13T13:46:37.327Z] Detected Agent: unknown
[debug] [2026-08-13T13:46:37.327Z] Time:          Thu Aug 13 2026 19:16:37 GMT+0530 (India Standard Time)
[debug] [2026-08-13T13:46:37.327Z] ----------------------------------------------------------------------
[debug] 
[debug] [2026-08-13T13:46:38.728Z] > command requires scopes: ["email","openid","https://www.googleapis.com/auth/cloudplatformprojects.readonly","https://www.googleapis.com/auth/firebase","https://www.googleapis.com/auth/cloud-platform"]
[debug] [2026-08-13T13:46:38.729Z] > authorizing via signed-in user (4xwiiiin@gmail.com)
[debug] [2026-08-13T13:46:38.729Z] [iam] checking project soulmatedairy for permissions ["firebase.projects.get","firebasehosting.sites.update"]
[debug] [2026-08-13T13:46:38.746Z] Checked if tokens are valid: true, expires at: 1786632128652
[debug] [2026-08-13T13:46:38.746Z] Checked if tokens are valid: true, expires at: 1786632128652
[debug] [2026-08-13T13:46:38.747Z] >>> [apiv2][query] POST https://cloudresourcemanager.googleapis.com/v1/projects/soulmatedairy:testIamPermissions [none]
[debug] [2026-08-13T13:46:38.748Z] >>> [apiv2][(partial)header] POST https://cloudresourcemanager.googleapis.com/v1/projects/soulmatedairy:testIamPermissions  x-goog-user-project=soulmatedairy
[debug] [2026-08-13T13:46:38.748Z] >>> [apiv2][body] POST https://cloudresourcemanager.googleapis.com/v1/projects/soulmatedairy:testIamPermissions {"permissions":["firebase.projects.get","firebasehosting.sites.update"]}
[debug] [2026-08-13T13:46:41.148Z] <<< [apiv2][status] POST https://cloudresourcemanager.googleapis.com/v1/projects/soulmatedairy:testIamPermissions 200
[debug] [2026-08-13T13:46:41.148Z] <<< [apiv2][body] POST https://cloudresourcemanager.googleapis.com/v1/projects/soulmatedairy:testIamPermissions {"permissions":["firebase.projects.get","firebasehosting.sites.update"]}
[debug] [2026-08-13T13:46:41.150Z] Checked if tokens are valid: true, expires at: 1786632128652
[debug] [2026-08-13T13:46:41.150Z] Checked if tokens are valid: true, expires at: 1786632128652
[debug] [2026-08-13T13:46:41.150Z] >>> [apiv2][query] GET https://firebase.googleapis.com/v1beta1/projects/soulmatedairy [none]
[debug] [2026-08-13T13:46:42.473Z] <<< [apiv2][status] GET https://firebase.googleapis.com/v1beta1/projects/soulmatedairy 200
[debug] [2026-08-13T13:46:42.473Z] <<< [apiv2][body] GET https://firebase.googleapis.com/v1beta1/projects/soulmatedairy {"projectId":"soulmatedairy","projectNumber":"252142185739","displayName":"soulmatedairy","name":"projects/soulmatedairy","resources":{"hostingSite":"soulmatedairy"},"state":"ACTIVE","labels":{"firebase":"enabled"},"etag":"1_12e150f4-d215-4ec5-ab85-876eae8e2f9e"}
[info] 
[info] === Deploying to 'soulmatedairy'...
[info] 
[info] i  deploying hosting 
[debug] [2026-08-13T13:46:42.479Z] Checked if tokens are valid: true, expires at: 1786632128652
[debug] [2026-08-13T13:46:42.479Z] Checked if tokens are valid: true, expires at: 1786632128652
[debug] [2026-08-13T13:46:42.479Z] >>> [apiv2][query] GET https://firebasehosting.googleapis.com/v1beta1/projects/soulmatedairy/sites/soulmatedairy [none]
[debug] [2026-08-13T13:46:44.412Z] <<< [apiv2][status] GET https://firebasehosting.googleapis.com/v1beta1/projects/soulmatedairy/sites/soulmatedairy 200
[debug] [2026-08-13T13:46:44.412Z] <<< [apiv2][body] GET https://firebasehosting.googleapis.com/v1beta1/projects/soulmatedairy/sites/soulmatedairy {"name":"projects/soulmatedairy/sites/soulmatedairy","defaultUrl":"https://soulmatedairy.web.app","type":"DEFAULT_SITE"}
[debug] [2026-08-13T13:46:44.416Z] Checked if tokens are valid: true, expires at: 1786632128652
[debug] [2026-08-13T13:46:44.417Z] Checked if tokens are valid: true, expires at: 1786632128652
[debug] [2026-08-13T13:46:44.418Z] >>> [apiv2][query] POST https://firebasehosting.googleapis.com/v1beta1/projects/-/sites/soulmatedairy/versions [none]
[debug] [2026-08-13T13:46:44.418Z] >>> [apiv2][body] POST https://firebasehosting.googleapis.com/v1beta1/projects/-/sites/soulmatedairy/versions {"status":"CREATED","labels":{"deployment-tool":"cli-firebase"}}
[debug] [2026-08-13T13:46:45.645Z] <<< [apiv2][status] POST https://firebasehosting.googleapis.com/v1beta1/projects/-/sites/soulmatedairy/versions 200
[debug] [2026-08-13T13:46:45.645Z] <<< [apiv2][body] POST https://firebasehosting.googleapis.com/v1beta1/projects/-/sites/soulmatedairy/versions {"name":"projects/252142185739/sites/soulmatedairy/versions/f1efbf4b7d5954b8","status":"CREATED","config":{},"labels":{"deployment-tool":"cli-firebase"}}
[info] i  hosting[soulmatedairy]: beginning deploy... 
[info] i  hosting[soulmatedairy]: found 66619 files in . 
[debug] [2026-08-13T13:46:55.895Z] [hosting] uploading with 200 concurrency
[debug] [2026-08-13T13:46:55.895Z] [hosting] hash cache [] not populated
[debug] [2026-08-13T13:46:55.908Z] Error: EBUSY: resource busy or locked, open 'C:\Users\ACHU\ntuser.dat.LOG2'
[error] 
[error] Error: An unexpected error has occurred.
[debug] [2026-08-13T13:46:55.908Z] Error: EBUSY: resource busy or locked, open 'C:\Users\ACHU\ntuser.dat.LOG1'
[error] 
[error] Error: An unexpected error has occurred.
[debug] [2026-08-13T13:46:55.909Z] Error: EBUSY: resource busy or locked, open 'C:\Users\ACHU\NTUSER.DAT'
[error] 
[error] Error: An unexpected error has occurred.
[debug] [2026-08-13T13:46:55.916Z] Error: EISDIR: illegal operation on a directory, read
[error] 
[error] Error: An unexpected error has occurred.
[debug] [2026-08-13T13:46:55.923Z] Error: UNKNOWN: unknown error, read
[error] 
[error] Error: An unexpected error has occurred.
